[2026-04-19 01:21:01.683] ========================================
[2026-04-19 01:21:01.685] === 阿里百炼 Coding Plan 极速抢购 v5 ===
[2026-04-19 01:21:01.686] === 多标签页并发 | 30ms轮询 | 预加载 ===
[2026-04-19 01:21:01.687] ========================================
[2026-04-19 01:21:01.689] browser_state: 588K
[2026-04-19 01:21:01.690] 加载浏览器状态...
✓ State path set to /home/z/my-project/download/coding-plan-grab/browser_state.json
[2026-04-19 01:21:06.767] 打开主购买页: https://common-buy.aliyun.com/coding-plan
✓ Coding Plan
  https://common-buy.aliyun.com/coding-plan
[2026-04-19 01:21:11.668] 页面标题: Coding Plan
✓ Screenshot saved to /home/z/my-project/download/coding-plan-grab/v5_start_20260419_012111.png
[2026-04-19 01:21:11.984] 注入抢购JS到tab0...
[2026-04-19 01:21:12.370] 注入结果: "v5_injected_tab0"
[2026-04-19 01:21:13.562] 初始状态: "{\"tabId\":\"tab0\",\"started\":true,\"phase\":\"monitoring\",\"clicked\":false,\"clickTime\":null,\"logs\":[\"[0ms] [tab0] v5 monitor started | readyState=complete | url=https://common-buy.aliyun.com/coding-plan\"],\"startTime\":1776561672365,\"btnText\":\"Temporarily out of stock, restocking at 04/19 01:30\",\"btnDisabled\":true,\"readyState\":\"complete\",\"url\":\"https://common-buy.aliyun.com/coding-plan\"}"
[2026-04-19 01:21:13.564] ========================================
[2026-04-19 01:21:13.566] 进入极速监控模式
[2026-04-19 01:21:13.567] JS 30ms轮询 | 智能reload + 立即重注入
[2026-04-19 01:21:13.569] 补货目标时间: 09:30:00 (2026-04-19 09:30:00)
[2026-04-19 01:21:13.570] ========================================
[2026-04-19 01:21:13.767] Reload | round=1 time=01:21:13 to_restock=29327s interval=30s
[2026-04-19 01:21:15.119] 重注入成功 ✓
[2026-04-19 01:21:26.993] [10/1200] time=01:21:26 restock_in=29314s btn=? phase=?
[2026-04-19 01:21:39.702] [20/1200] time=01:21:39 restock_in=29301s btn=? phase=?
[2026-04-19 01:21:43.442] Reload | round=23 time=01:21:43 to_restock=29297s interval=30s
[2026-04-19 01:21:44.839] 重注入成功 ✓
[2026-04-19 01:21:54.178] [30/1200] time=01:21:53 restock_in=29287s btn=? phase=?
